大富翁游戏启动
使用预设配置: /home/otto/桌面/our_Richman/tests/integration/test_auto_023/preset.json
[2J[H            地段 1
[0mA[0m0000[0m0[0m00000000P0000000000000T
$                           0
$                           0
$                           0    地段 2
$                           0
$                           0
$                           0
P000000000000FP0000000000000G
            地段 3
玩家 Q 有财神附身，免过路费，剩余 5 回合。
[0mQ[0m> [2J[H            地段 1
[0mA[0m0000[0mQ[0m00000000P0000000000000T
$                           0
$                           0
$                           0    地段 2
$                           0
$                           0
$                           0
P000000000000FP0000000000000G
            地段 3
遥控骰子，指定步数为 5
Q 前进 5 步，到达位置 5
财神附身，免除本次过路费！
[0mA[0m> [2J[H            地段 1
[0mA[0m0000[0mQ[0m00000000P0000000000000T
$                           0
$                           0
$                           0    地段 2
$                           0
$                           0
$                           0
P000000000000FP0000000000000G
            地段 3
遥控骰子，指定步数为 0
A 前进 0 步，到达位置 0
玩家 Q 有财神附身，免过路费，剩余 4 回合。
您到达了起点。
[0mQ[0m> [2J[H            地段 1
[0mA[0m0000[0m0[0m00[0mQ[0m00000P0000000000000T
$                           0
$                           0
$                           0    地段 2
$                           0
$                           0
$                           0
P000000000000FP0000000000000G
            地段 3
遥控骰子，指定步数为 3
Q 前进 3 步，到达位置 8
您到达一块空地(价格: 200)，是否购买? (y/n): 恭喜！您成功购买了此地。剩余资金: 9800
[0mA[0m> [2J[H            地段 1
[0mA[0m0000[0m0[0m00[0mQ[0m00000P0000000000000T
$                           0
$                           0
$                           0    地段 2
$                           0
$                           0
$                           0
P000000000000FP0000000000000G
            地段 3
游戏状态已保存到: dump.json
[0mA[0m> 