大富翁游戏启动
使用预设配置: preset.json
[2J[H            地段 1
S[0m0[0m0[0m0[0m0000000000P[0mQ[0m00[0mA[0m000000000T
$                           0
$                           0
$                           0    地段 2
$                           0
$                           0
$                           0
P000000000000FP0000000000000G
            地段 3
玩家 Q 有财神附身，免过路费，剩余 5 回合。
[0mQ[0m> [2J[H            地段 1
S00[0m0[0m0000000000P[0mQ[0m00[0mA[0m000000000T
$                           0
$                           0
$                           0    地段 2
$                           0
$                           0
$                           0
P000000000000FP0000000000000G
            地段 3
出售成功！您获得了 400 元，当前总资金: 10400
玩家 Q 有财神附身，免过路费，剩余 4 回合。
[0mQ[0m> [2J[H            地段 1
S0000000000000P[0mQ[0m00[0mA[0m000000000T
$                           0
$                           0
$                           0    地段 2
$                           0
$                           0
$                           0
P000000000000FP0000000000000G
            地段 3
出售成功！您获得了 400 元，当前总资金: 10800
玩家 Q 有财神附身，免过路费，剩余 3 回合。
[0mQ[0m> [2J[H            地段 1
S0000000000000P[0mQ[0m00[0mA[0m000000000T
$                           0
$                           0
$                           0    地段 2
$                           0
$                           0
$                           0
P000000000000FP0000000000000G
            地段 3
游戏状态已保存到: dump.json
玩家 Q 有财神附身，免过路费，剩余 2 回合。
[0mQ[0m> 